V3 13
FL C:/Users/kr/Documents/DesignLab/libraries/Quadrature_decoder/circuit/250K/Papilio_One_250K.vhf 2015/04/12.20:24:26 P.28xd
EN work/Papilio_One_250K 1428859486 \
      FL C:/Users/kr/Documents/DesignLab/libraries/Quadrature_decoder/circuit/250K/Papilio_One_250K.vhf \
      PB ieee/std_logic_1164 1341906176 PB ieee/NUMERIC_STD 1341906182 LB UNISIM \
      PH unisim/VCOMPONENTS 1341906184
AR work/Papilio_One_250K/BEHAVIORAL 1428859487 \
      FL C:/Users/kr/Documents/DesignLab/libraries/Quadrature_decoder/circuit/250K/Papilio_One_250K.vhf \
      EN work/Papilio_One_250K 1428859486 CP Wing_GPIO CP Quadrature_decoder \
      CP Papilio_Default_Wing_Pinout CP ZPUino_Papilio_One_250K_V2
FL C:/Users/kr/Documents/DesignLab/libraries/Quadrature_decoder/circuit/250K/Quadrature_decoder.vhf 2015/04/12.20:24:26 P.28xd
EN work/Quadrature_decoder 1428859484 \
      FL C:/Users/kr/Documents/DesignLab/libraries/Quadrature_decoder/circuit/250K/Quadrature_decoder.vhf \
      PB ieee/std_logic_1164 1341906176 PB ieee/NUMERIC_STD 1341906182 LB UNISIM \
      PH unisim/VCOMPONENTS 1341906184
AR work/Quadrature_decoder/BEHAVIORAL 1428859485 \
      FL C:/Users/kr/Documents/DesignLab/libraries/Quadrature_decoder/circuit/250K/Quadrature_decoder.vhf \
      EN work/Quadrature_decoder 1428859484 CP Wishbone_to_Registers_x10 \
      CP Q_Decoder
